I'm sorry, but errors were detected in your script. Please correct the
errors listed below, and try again.


File "game/scripts/image/backgrounds.rpy", line 106: image statement expects a non-empty block.
    image chair:
                ^

Ren'Py Version: Ren'Py 8.4.0.25071206
Mon Sep  8 17:16:22 2025
